2026-02-07 19:11:18,008 - INFO - Pharmacy User admin logged in successfully
2026-02-07 19:12:34,627 - INFO - HTTP Request: GET https://gwmtlvquhlqtkyynuexf.supabase.co/rest/v1/installations?select=%2A&order=installation_time.desc "HTTP/2 200 OK"
2026-02-07 19:12:50,170 - INFO - HTTP Request: PATCH https://gwmtlvquhlqtkyynuexf.supabase.co/rest/v1/installations?system_id=eq.SYS-46620301B10B "HTTP/2 200 OK"
2026-02-07 19:12:51,652 - INFO - HTTP Request: GET https://gwmtlvquhlqtkyynuexf.supabase.co/rest/v1/installations?select=%2A&order=installation_time.desc "HTTP/2 200 OK"
2026-02-07 19:13:20,605 - INFO - HTTP Request: GET https://gwmtlvquhlqtkyynuexf.supabase.co/rest/v1/installations?select=%2A&order=installation_time.desc "HTTP/2 200 OK"
2026-02-07 19:17:05,905 - INFO - HTTP Request: GET https://gwmtlvquhlqtkyynuexf.supabase.co/rest/v1/installations?select=%2A&order=installation_time.desc "HTTP/2 200 OK"
2026-02-07 19:19:32,901 - INFO - HTTP Request: GET https://gwmtlvquhlqtkyynuexf.supabase.co/rest/v1/installations?select=%2A&order=installation_time.desc "HTTP/2 200 OK"
2026-02-07 20:10:52,004 - INFO - User admin logged in successfully
2026-02-07 20:13:11,730 - INFO - User admin logged out
2026-02-07 20:14:04,324 - INFO - HTTP Request: GET https://gwmtlvquhlqtkyynuexf.supabase.co/rest/v1/installations?select=%2A&order=installation_time.desc "HTTP/2 200 OK"
2026-02-07 20:14:11,665 - INFO - User superadmin logged out
2026-02-07 20:33:01,223 - INFO - HTTP Request: GET https://gwmtlvquhlqtkyynuexf.supabase.co/rest/v1/installations?select=%2A&order=installation_time.desc "HTTP/2 200 OK"
2026-02-07 20:41:08,104 - INFO - HTTP Request: GET https://gwmtlvquhlqtkyynuexf.supabase.co/rest/v1/installations?select=%2A&order=installation_time.desc "HTTP/2 200 OK"
2026-02-07 20:43:15,209 - INFO - HTTP Request: GET https://gwmtlvquhlqtkyynuexf.supabase.co/rest/v1/installations?select=%2A&order=installation_time.desc "HTTP/2 200 OK"
2026-02-07 21:28:14,457 - INFO - HTTP Request: GET https://gwmtlvquhlqtkyynuexf.supabase.co/rest/v1/installations?select=%2A&order=installation_time.desc "HTTP/2 200 OK"
2026-02-07 21:30:28,441 - INFO - HTTP Request: GET https://gwmtlvquhlqtkyynuexf.supabase.co/rest/v1/installations?select=%2A&order=installation_time.desc "HTTP/2 200 OK"
2026-02-07 21:36:32,087 - INFO - HTTP Request: GET https://gwmtlvquhlqtkyynuexf.supabase.co/rest/v1/installations?select=%2A&order=installation_time.desc "HTTP/2 200 OK"
2026-02-07 21:37:38,666 - INFO - HTTP Request: GET https://gwmtlvquhlqtkyynuexf.supabase.co/rest/v1/installations?select=%2A&order=installation_time.desc "HTTP/2 200 OK"
2026-02-07 21:46:07,978 - INFO - HTTP Request: GET https://gwmtlvquhlqtkyynuexf.supabase.co/rest/v1/installations?select=%2A&order=installation_time.desc "HTTP/2 200 OK"
2026-02-07 21:49:15,575 - INFO - HTTP Request: GET https://gwmtlvquhlqtkyynuexf.supabase.co/rest/v1/installations?select=%2A&order=installation_time.desc "HTTP/2 200 OK"
2026-02-07 22:00:12,431 - INFO - HTTP Request: GET https://gwmtlvquhlqtkyynuexf.supabase.co/rest/v1/installations?select=%2A&order=installation_time.desc "HTTP/2 200 OK"
2026-02-07 22:01:32,573 - INFO - HTTP Request: GET https://gwmtlvquhlqtkyynuexf.supabase.co/rest/v1/installations?select=%2A&order=installation_time.desc "HTTP/2 200 OK"
2026-02-08 13:07:24,087 - INFO - Pharmacy User admin logged in successfully
2026-02-08 13:16:49,258 - INFO - Pharmacy User admin logged in successfully
2026-02-08 13:47:27,516 - INFO - Pharmacy User admin logged in successfully
2026-02-08 13:56:53,412 - INFO - Pharmacy User admin logged in successfully
2026-02-08 14:13:37,789 - INFO - Pharmacy User admin logged in successfully
2026-02-08 14:28:22,998 - INFO - Pharmacy User admin logged in successfully
2026-02-08 14:34:47,996 - INFO - Pharmacy User admin logged in successfully
2026-02-08 14:37:15,119 - INFO - Pharmacy User admin logged in successfully
2026-02-08 14:41:20,228 - INFO - Pharmacy User admin logged in successfully
2026-02-08 14:47:47,358 - INFO - Pharmacy User admin logged in successfully
2026-02-08 14:49:19,105 - INFO - Pharmacy User admin logged in successfully
2026-02-08 14:49:44,764 - INFO - Pharmacy User admin logged in successfully
2026-02-08 14:51:13,497 - INFO - Pharmacy User admin logged in successfully
2026-02-08 14:55:37,470 - INFO - Pharmacy User admin logged in successfully
2026-02-08 15:14:50,112 - INFO - Pharmacy User admin logged in successfully
2026-02-08 15:18:41,044 - INFO - Pharmacy User zubaid logged in successfully
2026-02-08 15:19:16,394 - INFO - HTTP Request: GET https://gwmtlvquhlqtkyynuexf.supabase.co/rest/v1/installations?select=%2A&order=installation_time.desc "HTTP/2 200 OK"
2026-02-08 15:19:16,481 - INFO - HTTP Request: GET https://gwmtlvquhlqtkyynuexf.supabase.co/rest/v1/installations?select=%2A&order=installation_time.desc "HTTP/2 200 OK"
2026-02-08 15:20:16,411 - INFO - HTTP Request: GET https://gwmtlvquhlqtkyynuexf.supabase.co/rest/v1/installations?select=%2A&order=installation_time.desc "HTTP/2 200 OK"
2026-02-08 15:20:47,093 - INFO - HTTP Request: GET https://gwmtlvquhlqtkyynuexf.supabase.co/rest/v1/installations?select=%2A&order=installation_time.desc "HTTP/2 200 OK"
2026-02-08 15:23:20,292 - INFO - HTTP Request: GET https://gwmtlvquhlqtkyynuexf.supabase.co/rest/v1/installations?select=%2A&order=installation_time.desc "HTTP/2 200 OK"
2026-02-08 15:25:07,685 - INFO - HTTP Request: GET https://gwmtlvquhlqtkyynuexf.supabase.co/rest/v1/installations?select=%2A&order=installation_time.desc "HTTP/2 200 OK"
2026-02-09 01:53:47,155 - INFO - Pharmacy User admin logged in successfully
2026-02-09 02:11:08,815 - INFO - Pharmacy User admin logged in successfully
2026-02-09 02:11:55,193 - INFO - Pharmacy User admin logged in successfully
2026-02-09 02:16:38,993 - INFO - Pharmacy User admin logged in successfully
2026-02-09 02:20:18,622 - INFO - Pharmacy User HaaniGhani logged in successfully
2026-02-09 02:21:10,417 - INFO - Pharmacy User HaaniGhani logged in successfully
2026-02-09 02:21:16,902 - INFO - Pharmacy User admin logged in successfully
2026-02-09 02:21:46,027 - INFO - Pharmacy User HaaniGhani logged in successfully
2026-02-09 02:23:16,972 - INFO - Pharmacy User admin logged in successfully
2026-02-09 02:27:07,812 - INFO - HTTP Request: GET https://gwmtlvquhlqtkyynuexf.supabase.co/rest/v1/installations?select=%2A&order=installation_time.desc "HTTP/2 200 OK"
2026-02-09 02:27:07,958 - INFO - HTTP Request: GET https://gwmtlvquhlqtkyynuexf.supabase.co/rest/v1/installations?select=%2A&order=installation_time.desc "HTTP/2 200 OK"
2026-02-09 02:34:10,437 - INFO - Pharmacy User admin logged in successfully
2026-02-09 02:37:51,692 - INFO - Pharmacy User admin logged in successfully
2026-02-09 02:46:51,737 - INFO - Pharmacy User admin logged in successfully
2026-02-09 02:51:33,987 - INFO - Pharmacy User admin logged in successfully
2026-02-09 03:03:28,159 - INFO - Pharmacy User admin logged in successfully
2026-02-09 03:19:47,773 - INFO - Pharmacy User admin logged in successfully
2026-02-09 03:26:29,817 - INFO - Pharmacy User admin logged in successfully
2026-02-09 03:37:31,844 - INFO - Pharmacy User admin logged in successfully
2026-02-10 17:18:53,406 - INFO - Pharmacy User admin logged in successfully
2026-02-10 18:23:53,108 - INFO - Pharmacy User admin logged in successfully
2026-02-10 18:25:06,946 - INFO - Pharmacy User admin logged in successfully
2026-02-10 18:35:50,377 - INFO - User admin logged in successfully
2026-02-10 18:36:32,410 - INFO - User admin logged in successfully
2026-02-10 18:39:20,485 - INFO - User admin logged in successfully
2026-02-10 18:43:06,355 - INFO - Pharmacy User admin logged in successfully
2026-02-10 18:52:08,195 - INFO - Pharmacy User admin logged in successfully
2026-02-10 19:14:11,352 - INFO - Pharmacy User admin logged in successfully
2026-02-10 19:16:03,997 - INFO - Pharmacy User admin logged in successfully
2026-02-10 20:31:01,300 - INFO - Pharmacy User admin logged in successfully
2026-02-10 20:34:11,347 - INFO - Pharmacy User admin logged in successfully
2026-02-10 20:44:51,689 - INFO - Pharmacy User admin logged in successfully
2026-02-10 20:49:13,823 - INFO - Pharmacy User admin logged in successfully
2026-02-10 21:11:53,897 - INFO - Pharmacy User admin logged in successfully
2026-02-10 21:46:10,884 - INFO - Pharmacy User admin logged in successfully
2026-02-10 22:33:52,081 - INFO - Pharmacy User admin logged in successfully
2026-02-10 22:40:54,393 - INFO - User admin logged in successfully
2026-02-10 22:54:47,205 - INFO - User admin logged in successfully
2026-02-10 22:55:21,609 - INFO - User admin logged in successfully
2026-02-10 23:05:28,511 - INFO - User admin logged in successfully
2026-02-10 23:10:06,923 - INFO - User admin logged in successfully
2026-02-10 23:14:25,213 - INFO - User admin logged in successfully
2026-02-10 23:20:22,873 - INFO - User admin logged in successfully
2026-02-10 23:21:55,260 - INFO - User admin logged in successfully
2026-02-10 23:24:57,078 - INFO - User admin logged out
2026-02-10 23:25:02,109 - INFO - User admin logged in successfully
2026-02-10 23:25:04,840 - INFO - User admin logged out
2026-02-10 23:25:20,725 - INFO - User admin logged in successfully
2026-02-10 23:29:51,826 - INFO - User admin logged in successfully
2026-02-10 23:33:04,012 - INFO - User admin logged in successfully
2026-02-10 23:34:58,674 - INFO - User admin logged in successfully
2026-02-10 23:36:41,975 - INFO - User admin logged in successfully
2026-02-10 23:37:58,360 - INFO - User admin logged in successfully
2026-02-10 23:46:26,605 - INFO - User admin logged in successfully
2026-02-10 23:46:49,802 - INFO - User admin logged in successfully
2026-02-10 23:47:31,227 - INFO - User admin logged in successfully
2026-02-10 23:56:44,076 - INFO - User admin logged in successfully
2026-02-11 00:06:08,098 - INFO - User admin logged in successfully
2026-02-11 00:20:57,011 - INFO - User admin logged in successfully
2026-02-11 00:31:25,367 - INFO - User admin logged in successfully
2026-02-11 00:45:19,670 - INFO - User admin logged in successfully
2026-02-11 00:57:59,344 - INFO - User admin logged in successfully
2026-02-11 01:40:41,414 - INFO - User admin logged in successfully
2026-02-11 01:49:33,789 - INFO - User admin logged in successfully
2026-02-11 02:05:34,984 - INFO - User admin logged in successfully
2026-02-11 02:13:51,848 - INFO - User admin logged in successfully
2026-02-11 02:53:13,897 - INFO - User admin logged in successfully
2026-02-11 03:11:37,905 - INFO - User admin logged in successfully
2026-02-11 03:57:44,636 - INFO - User admin logged in successfully
2026-02-11 04:28:47,280 - INFO - User admin logged in successfully
2026-02-11 04:32:09,089 - INFO - User admin logged in successfully
2026-02-11 18:40:55,625 - INFO - Pharmacy User admin logged in successfully
2026-02-12 14:25:44,870 - INFO - Pharmacy User admin logged in successfully
2026-02-12 14:26:22,169 - INFO - Pharmacy User admin logged in successfully
2026-02-12 14:27:55,143 - INFO - Pharmacy User admin logged in successfully
2026-02-12 14:28:11,919 - INFO - Pharmacy User admin logged in successfully
2026-02-12 14:33:46,699 - INFO - Pharmacy User omar logged in successfully
2026-02-12 14:35:07,092 - INFO - Pharmacy User admin logged in successfully
2026-02-12 14:44:54,973 - INFO - Pharmacy User admin logged in successfully
2026-02-12 15:08:09,692 - INFO - Pharmacy User najib logged in successfully
2026-02-12 15:09:07,934 - INFO - Pharmacy User admin logged in successfully
2026-02-12 16:26:18,098 - INFO - Pharmacy User admin logged in successfully
2026-02-12 16:27:43,128 - INFO - Pharmacy User admin logged in successfully
2026-02-12 17:08:06,945 - INFO - Pharmacy User admin logged in successfully
2026-02-12 17:20:45,079 - INFO - Pharmacy User admin logged in successfully
2026-02-12 21:36:55,162 - INFO - Pharmacy User admin logged in successfully
2026-02-12 21:39:06,172 - INFO - Pharmacy User admin logged in successfully
2026-02-12 21:40:07,998 - INFO - Pharmacy User admin logged in successfully
2026-02-12 21:44:21,779 - INFO - Pharmacy User admin logged in successfully
2026-02-12 21:44:31,256 - INFO - Pharmacy User admin logged in successfully
2026-02-12 21:52:02,294 - INFO - Pharmacy User admin logged in successfully
2026-02-12 21:53:02,801 - INFO - Pharmacy User admin logged in successfully
2026-02-12 21:56:49,692 - INFO - Pharmacy User admin logged in successfully
2026-02-12 22:01:48,625 - INFO - Pharmacy User admin logged in successfully
2026-02-13 02:22:43,851 - INFO - Pharmacy User admin logged in successfully
2026-02-13 02:24:52,223 - INFO - Pharmacy User admin logged in successfully
2026-02-13 02:27:14,752 - INFO - Pharmacy User admin logged in successfully
2026-02-13 02:32:31,880 - INFO - Pharmacy User admin logged in successfully
2026-02-13 02:34:22,577 - INFO - Pharmacy User admin logged in successfully
2026-02-13 02:40:53,874 - INFO - Pharmacy User admin logged in successfully
2026-02-13 02:46:54,263 - INFO - Pharmacy User admin logged in successfully
2026-02-13 02:57:53,151 - INFO - Pharmacy User admin logged in successfully
2026-02-13 02:59:29,772 - INFO - Pharmacy User admin logged in successfully
2026-02-13 03:02:15,723 - INFO - Pharmacy User admin logged in successfully
2026-02-13 03:04:52,506 - INFO - Pharmacy User admin logged in successfully
2026-02-13 03:07:29,336 - INFO - Pharmacy User admin logged in successfully
2026-02-13 03:10:39,086 - INFO - Pharmacy User admin logged in successfully
2026-02-13 03:14:04,329 - INFO - Pharmacy User admin logged in successfully
2026-02-13 03:25:31,350 - INFO - Pharmacy User admin logged in successfully
2026-02-13 03:30:53,082 - INFO - Pharmacy User admin logged in successfully
2026-02-13 03:33:07,698 - INFO - Pharmacy User admin logged in successfully
2026-02-13 03:44:54,309 - INFO - Pharmacy User admin logged in successfully
2026-02-13 03:45:56,143 - INFO - Pharmacy User admin logged in successfully
2026-02-13 03:49:37,238 - INFO - Pharmacy User admin logged in successfully
2026-02-13 03:56:53,946 - INFO - Pharmacy User admin logged in successfully
2026-02-13 04:11:58,377 - INFO - Pharmacy User admin logged in successfully
2026-02-13 21:25:08,751 - INFO - User admin logged in successfully
2026-02-13 21:48:31,371 - INFO - User admin logged out
2026-02-13 21:48:35,467 - INFO - Pharmacy User admin logged in successfully
2026-02-13 21:48:48,927 - INFO - User admin logged in successfully
2026-02-13 21:51:27,579 - INFO - User admin logged in successfully
2026-02-13 21:59:14,489 - INFO - User admin logged in successfully
2026-02-13 22:06:29,991 - INFO - User admin logged in successfully
2026-02-13 22:42:20,056 - INFO - User admin logged in successfully
2026-02-13 22:45:25,017 - INFO - User admin logged in successfully
2026-02-13 22:51:18,014 - INFO - User admin logged out
2026-02-13 22:51:32,122 - INFO - User admin logged in successfully
2026-02-13 22:54:57,259 - INFO - User admin logged in successfully
2026-02-13 23:32:40,159 - INFO - User admin logged in successfully
2026-02-13 23:39:19,690 - INFO - User admin logged in successfully
2026-02-13 23:40:47,181 - INFO - User admin logged in successfully
2026-02-13 23:41:07,371 - INFO - User admin logged in successfully
2026-02-13 23:44:19,882 - INFO - User admin logged in successfully
2026-02-13 23:44:49,892 - INFO - User admin logged in successfully
2026-02-13 23:48:34,004 - INFO - User admin logged in successfully
2026-02-13 23:54:06,289 - INFO - User admin logged in successfully
2026-02-14 00:06:28,953 - INFO - User admin logged in successfully
2026-02-14 00:07:07,971 - INFO - User admin logged in successfully
2026-02-14 00:07:25,253 - INFO - User admin logged in successfully
2026-02-14 00:08:28,410 - INFO - User admin logged in successfully
2026-02-14 00:09:55,537 - INFO - User admin logged in successfully
2026-02-14 00:17:19,790 - INFO - User admin logged in successfully
2026-02-14 00:41:34,380 - INFO - User admin logged in successfully
2026-02-14 01:13:29,269 - INFO - User admin logged in successfully
2026-02-14 01:26:24,155 - INFO - User admin logged in successfully
2026-02-14 01:28:34,108 - INFO - User admin logged in successfully
2026-02-14 01:34:20,700 - INFO - User admin logged out
2026-02-14 01:34:25,373 - INFO - Pharmacy User admin logged in successfully
2026-02-14 01:36:01,971 - INFO - User admin logged in successfully
2026-02-14 02:24:27,025 - INFO - User admin logged in successfully
2026-02-14 02:27:17,873 - INFO - User admin logged in successfully
2026-02-14 02:32:42,554 - INFO - User admin logged in successfully
2026-02-14 02:35:43,312 - INFO - User admin logged in successfully
2026-02-14 02:39:03,174 - INFO - User admin logged in successfully
2026-02-14 02:39:39,607 - INFO - User admin logged in successfully
2026-02-14 02:40:34,283 - INFO - User admin logged in successfully
2026-02-14 02:44:20,427 - INFO - User admin logged in successfully
2026-02-14 02:51:38,313 - INFO - User admin logged in successfully
2026-02-14 02:55:04,201 - INFO - User admin logged in successfully
2026-02-14 02:55:11,611 - INFO - User admin logged in successfully
2026-02-14 02:55:12,660 - INFO - Failed login attempt for user: 
2026-02-14 02:55:22,684 - INFO - User admin logged in successfully
2026-02-14 02:55:57,996 - INFO - User admin logged in successfully
2026-02-14 02:57:34,680 - INFO - User admin logged in successfully
2026-02-14 02:58:18,718 - INFO - User admin logged in successfully
2026-02-14 02:59:21,516 - INFO - User admin logged in successfully
2026-02-14 03:01:39,457 - INFO - User admin logged in successfully
2026-02-14 03:02:36,316 - INFO - User admin logged in successfully
2026-02-14 03:06:58,322 - INFO - User admin logged in successfully
2026-02-14 03:07:59,469 - INFO - User admin logged in successfully
2026-02-14 03:14:31,066 - INFO - User admin logged in successfully
2026-02-14 03:15:11,974 - INFO - User admin logged in successfully
2026-02-14 03:17:19,391 - INFO - User admin logged in successfully
2026-02-14 03:20:17,893 - INFO - User admin logged in successfully
2026-02-14 03:21:56,033 - INFO - User admin logged out
2026-02-14 03:33:56,962 - INFO - User admin logged in successfully
2026-02-14 03:43:53,175 - INFO - User admin logged in successfully
2026-02-14 03:46:44,125 - INFO - User admin logged in successfully
2026-02-14 03:47:31,175 - INFO - Failed login attempt for user: admin
2026-02-14 03:47:35,806 - INFO - User admin logged in successfully
2026-02-14 03:50:27,857 - INFO - User admin logged in successfully
2026-02-14 03:51:59,951 - INFO - User admin logged in successfully
2026-02-14 03:53:28,307 - INFO - User admin logged out
2026-02-14 08:39:54,961 - INFO - User admin logged in successfully
2026-02-14 08:40:04,403 - INFO - User admin logged out
2026-02-14 08:40:12,273 - INFO - Pharmacy User admin logged in successfully
2026-02-14 08:49:12,726 - INFO - Pharmacy User admin logged in successfully
2026-02-14 09:01:40,956 - INFO - User admin logged in successfully
2026-02-14 11:33:42,040 - INFO - Pharmacy User admin logged in successfully
2026-02-14 11:35:08,145 - INFO - User admin logged in successfully
2026-02-14 11:35:16,969 - INFO - User admin logged out
2026-02-14 11:35:40,490 - INFO - User admin logged in successfully
2026-02-14 12:01:08,423 - INFO - User admin logged in successfully
2026-02-14 12:18:55,104 - INFO - User admin logged in successfully
2026-02-14 17:38:18,145 - INFO - Pharmacy User admin logged in successfully
2026-02-14 22:03:14,869 - INFO - Pharmacy User admin logged in successfully
2026-02-14 23:05:08,604 - INFO - Pharmacy User admin logged in successfully
2026-02-14 23:30:14,849 - INFO - Pharmacy User admin logged in successfully
2026-02-14 23:34:13,568 - INFO - Pharmacy User admin logged in successfully
2026-02-14 23:42:55,731 - INFO - Pharmacy User admin logged in successfully
2026-02-15 01:46:36,699 - INFO - Pharmacy User admin logged in successfully
2026-02-15 02:09:21,704 - INFO - Pharmacy User admin logged in successfully
2026-02-15 02:39:29,575 - INFO - Pharmacy User admin logged in successfully
2026-02-15 02:40:51,125 - INFO - Pharmacy User admin logged in successfully
2026-02-15 02:58:07,606 - INFO - Pharmacy User admin logged in successfully
